// Jest Snapshot v1, https://goo.gl/fbAQLP

exports[` 1`] = `
<Text
  style={
    Array [
      Object {
        "display": "flex",
        "fontFamily": "\\"Inter\\", sans-serif",
        "fontWeight": "400",
      },
      Array [
        Object {},
      ],
    ]
  }
>
  Hello from ListItem!
</Text>
`;

exports[`should render ListItem component 1`] = `
<Text
  style={
    Array [
      Object {
        "display": "flex",
        "fontFamily": "\\"Inter\\", sans-serif",
        "fontWeight": "400",
      },
      Array [
        Object {},
      ],
    ]
  }
>
  Hello from ListItem!
</Text>
`;
